 load[0m
[0;32mI (150) esp_image: segment 4: paddr=0003d150 vaddr=4080c3f0 size=018d8h (  ï¿½ESP-ROM:esp32c6-20220919
Build:Sep 19 2022
rst:0x1 (POWERON),boot:0x6c (SPI_FAST_FLASH_BOOT)
SPIWP:0xee
mode:DIO, clock div:2
load:0x40875720,len:0x1804
load:0x4086c110,len:0xe2c
load:0x4086e610,len:0x2e70
entry 0x4086c11a
[0;32mI (23) boot: ESP-IDF v5.3-dirty 2nd stage bootloader[0m
[0;32mI (24) boot: compile time Aug 30 2024 07:45:01[0m
[0;32mI (24) boot: chip revision: v0.0[0m
[0;32mI (27) boot.esp32c6: SPI Speed      : 80MHz[0m
[0;32mI (32) boot.esp32c6: SPI Mode       : DIO[0m
[0;32mI (36) boot.esp32c6: SPI Flash Size : 2MB[0m
[0;32mI (41) boot: Enabling RNG early entropy source...[0m
[0;32mI (46) boot: Partition Table:[0m
[0;32mI (50) boot: ## Label            Usage          Type ST Offset   Length[0m
[0;32mI (57) boot:  0 nvs              WiFi data        01 02 00009000 00006000[0m
[0;32mI (65) boot:  1 phy_init         RF data          01 01 0000f000 00001000[0m
[0;32mI (72) boot:  2 factory          factory app      00 00 00010000 000e1000[0m
[0;32mI (80) boot:  3 zb_storage       Unknown data     01 81 000f1000 00004000[0m
[0;32mI (87) boot:  4 zb_fct           Unknown data     01 81 000f5000 00000400[0m
[0;32mI (95) boot: End of partition table[0m
[0;32mI (99) esp_image: segment 0: paddr=00010020 vaddr=42018020 size=09e30h ( 40496) map[0m
[0;32mI (116) esp_image: segment 1: paddr=00019e58 vaddr=40800000 size=061c0h ( 25024) load[0m
[0;32mI (122) esp_image: segment 2: paddr=00020020 vaddr=42000020 size=16ef8h ( 93944) map[0m
[0;32mI (144) esp_image: segment 3: paddr=00036f20 vaddr=408061c0 size=06228h ( 25128) load[0m
[0;32mI (150) esp_image: segment 4: paddr=0003d150 vaddr=4080c3f0 size=018d8h (  6360) load[0m
[0;32mI (156) boot: Loaded app from partition at offset 0x10000[0m
[0;32mI (156) boot: Disabling RNG early entropy source...[0m
[0;32mI (172) cpu_start: Unicore app[0m
[0;32mI (181) cpu_start: Pro cpu start user code[0m
[0;32mI (182) cpu_start: cpu freq: 160000000 Hz[0m
[0;32mI (182) app_init: Application information:[0m
[0;32mI (184) app_init: Project name:     main[0m
[0;32mI (189) app_init: App version:      51cf0e3-dirty[0m
[0;32mI (194) app_init: Compile time:     Aug 30 2024 14:35:27[0m
[0;32mI (200) app_init: ELF file SHA256:  1caaa65be...[0m
[0;32mI (206) app_init: ESP-IDF:          v5.3-dirty[0m
[0;32mI (211) efuse_init: Min chip rev:     v0.0[0m
[0;32mI (216) efuse_init: Max chip rev:     v0.99 [0m
[0;32mI (220) efuse_init: Chip rev:         v0.0[0m
[0;32mI (225) heap_init: Initializing. RAM available for dynamic allocation:[0m
[0;32mI (232) heap_init: At 40815150 len 000674C0 (413 KiB): RAM[0m
[0;32mI (239) heap_init: At 4087C610 len 00002F54 (11 KiB): RAM[0m
[0;32mI (245) heap_init: At 50000000 len 00003FE8 (15 KiB): RTCRAM[0m
[0;32mI (252) spi_flash: detected chip: generic[0m
[0;32mI (256) spi_flash: flash io: dio[0m
[0;33mW (260) spi_flash: Detected size(8192k) larger than the size in the binary image header(2048k). Using the size in the binary image header.[0m
[0;32mI (273) sleep: Configure to isolate all GPIO pins in sleep state[0m
[0;32mI (280) sleep: Enable automatic switching of GPIO sleep configuration[0m
[0;32mI (287) coexist: coex firmware version: dab85ae96[0m
[0;32mI (301) coexist: coexist rom version 5b8dcfa[0m
[0;32mI (302) main_task: Started on CPU0[0m
[0;32mI (302) main_task: Calling app_main()[0m
[0;32mI (302) ESP32_LOCK_UART: Joined network successfully (Extended PAN ID: 00:00:00:00:00:00:00:00, PAN ID: 0x0000, Channel:0, Short Address: 0x0000)[0m
[0;32mI (312) main_task: Returned from app_main()[0m
