[0;32mI (140) esp_image: segment 3: paddr=000337bc vaddr=4080672c size=04f48h ( 20296) load[0m
[0;32mI (146) esp_image: seï¿½ESP-ROM:esp32c6-20220919
Build:Sep 19 2022
rst:0x1 (POWERON),boot:0xc (SPI_FAST_FLASH_BOOT)
SPIWP:0xee
mode:DIO, clock div:2
load:0x40875720,len:0x1804
load:0x4086c410,len:0xe2c
load:0x4086e610,len:0x2e24
entry 0x4086c41a
[0;32mI (23) boot: ESP-IDF v5.2.2 2nd stage bootloader[0m
[0;32mI (24) boot: compile time Sep 19 2024 11:13:42[0m
[0;32mI (24) boot: chip revision: v0.0[0m
[0;32mI (26) boot.esp32c6: SPI Speed      : 80MHz[0m
[0;32mI (31) boot.esp32c6: SPI Mode       : DIO[0m
[0;32mI (36) boot.esp32c6: SPI Flash Size : 2MB[0m
[0;32mI (41) boot: Enabling RNG early entropy source...[0m
[0;32mI (46) boot: Partition Table:[0m
[0;32mI (50) boot: ## Label            Usage          Type ST Offset   Length[0m
[0;32mI (57) boot:  0 nvs              WiFi data        01 02 00009000 00006000[0m
[0;32mI (64) boot:  1 phy_init         RF data          01 01 0000f000 00001000[0m
[0;32mI (72) boot:  2 factory          factory app      00 00 00010000 000e1000[0m
[0;32mI (79) boot:  3 zb_storage       Unknown data     01 81 000f1000 00004000[0m
[0;32mI (87) boot:  4 zb_fct           Unknown data     01 81 000f5000 00000400[0m
[0;32mI (94) boot: End of partition table[0m
[0;32mI (98) esp_image: segment 0: paddr=00010020 vaddr=42018020 size=098c4h ( 39108) map[0m
[0;32mI (115) esp_image: segment 1: paddr=000198ec vaddr=40800000 size=0672ch ( 26412) load[0m
[0;32mI (122) esp_image: segment 2: paddr=00020020 vaddr=42000020 size=13794h ( 79764) map[0m
[0;32mI (140) esp_image: segment 3: paddr=000337bc vaddr=4080672c size=04f48h ( 20296) load[0m
[0;32mI (146) esp_image: segment 4: paddr=0003870c vaddr=4080b680 size=01678h (  5752) load[0m
[0;32mI (151) boot: Loaded app from partition at offset 0x10000[0m
[0;32mI (152) boot: Disabling RNG early entropy source...[0m
[0;32mI (169) cpu_start: Unicore app[0m
[0;33mW (178) clk: esp_perip_clk_init() has not been implemented yet[0m
[0;32mI (184) cpu_start: Pro cpu start user code[0m
[0;32mI (184) cpu_start: cpu freq: 160000000 Hz[0m
[0;32mI (185) cpu_start: Application information:[0m
[0;32mI (187) cpu_start: Project name:     main[0m
[0;32mI (192) cpu_start: App version:      7c2a06a-dirty[0m
[0;32mI (197) cpu_start: Compile time:     Sep 19 2024 11:13:16[0m
[0;32mI (204) cpu_start: ELF file SHA256:  9392cbb73...[0m
[0;32mI (209) cpu_start: ESP-IDF:          v5.2.2[0m
[0;32mI (214) cpu_start: Min chip rev:     v0.0[0m
[0;32mI (218) cpu_start: Max chip rev:     v0.99 [0m
[0;32mI (223) cpu_start: Chip rev:         v0.0[0m
[0;32mI (228) heap_init: Initializing. RAM available for dynamic allocation:[0m
[0;32mI (235) heap_init: At 4080DC30 len 0006E9E0 (442 KiB): RAM[0m
[0;32mI (241) heap_init: At 4087C610 len 00002F54 (11 KiB): RAM[0m
[0;32mI (247) heap_init: At 50000000 len 00003FE8 (15 KiB): RTCRAM[0m
[0;32mI (255) spi_flash: detected chip: generic[0m
[0;32mI (258) spi_flash: flash io: dio[0m
[0;33mW (262) spi_flash: Detected size(8192k) larger than the size in the binary image header(2048k). Using the size in the binary image header.[0m
[0;32mI (276) sleep: Configure to isolate all GPIO pins in sleep state[0m
[0;32mI (282) sleep: Enable automatic switching of GPIO sleep configuration[0m
[0;32mI (289) coexist: coex firmware version: d96c1e51f[0m
[0;32mI (295) coexist: coexist rom version 5b8dcfa[0m
[0;32mI (300) main_task: Started on CPU0[0m
[0;32mI (300) main_task: Calling app_main()[0m
[0;32mI (300) ESP32_LOCK_UART: Data: 25
[0m
[0;32mI (310) main_task: Returned from app_main()[0m
