Unicore app[0m
[0;32mI (ï¿½ESP-ROM:esp32c6-20220919
Build:Sep 19 2022
rst:0x1 (POWERON),boot:0xc (SPI_FAST_FLASH_BOOT)
SPIWP:0xee
mode:DIO, clock div:2
load:0x40875720,len:0x1804
load:0x4086c110,len:0xe2c
load:0x4086e610,len:0x2e5c
entry 0x4086c11a
[0;32mI (23) boot: ESP-IDF v5.3.1-dirty 2nd stage bootloader[0m
[0;32mI (24) boot: compile time Sep  6 2024 08:00:08[0m
[0;32mI (24) boot: chip revision: v0.0[0m
[0;32mI (27) boot.esp32c6: SPI Speed      : 80MHz[0m
[0;32mI (32) boot.esp32c6: SPI Mode       : DIO[0m
[0;32mI (36) boot.esp32c6: SPI Flash Size : 2MB[0m
[0;32mI (41) boot: Enabling RNG early entropy source...[0m
[0;32mI (47) boot: Partition Table:[0m
[0;32mI (50) boot: ## Label            Usage          Type ST Offset   Length[0m
[0;32mI (57) boot:  0 nvs              WiFi data        01 02 00009000 00006000[0m
[0;32mI (65) boot:  1 phy_init         RF data          01 01 0000f000 00001000[0m
[0;32mI (72) boot:  2 factory          factory app      00 00 00010000 000e1000[0m
[0;32mI (80) boot:  3 zb_storage       Unknown data     01 81 000f1000 00004000[0m
[0;32mI (87) boot:  4 zb_fct           Unknown data     01 81 000f5000 00000400[0m
[0;32mI (95) boot: End of partition table[0m
[0;32mI (99) esp_image: segment 0: paddr=00010020 vaddr=42098020 size=30da0h (200096) map[0m
[0;32mI (149) esp_image: segment 1: paddr=00040dc8 vaddr=40800000 size=07250h ( 29264) load[0m
[0;32mI (156) esp_image: segment 2: paddr=00048020 vaddr=42000020 size=95bbch (613308) map[0m
[0;32mI (284) esp_image: segment 3: paddr=000ddbe4 vaddr=40807250 size=07b8ch ( 31628) load[0m
[0;32mI (292) esp_image: segment 4: paddr=000e5778 vaddr=4080ede0 size=02144h (  8516) load[0m
[0;32mI (298) boot: Loaded app from partition at offset 0x10000[0m
[0;32mI (298) boot: Disabling RNG early entropy source...[0m
[0;32mI (313) cpu_start: Unicore app[0m
[0;32mI (321) cpu_start: Pro cpu start user code[0m
[0;32mI (322) cpu_start: cpu freq: 160000000 Hz[0m
[0;32mI (322) app_init: Application information:[0m
[0;32mI (324) app_init: Project name:     main[0m
[0;32mI (329) app_init: App version:      ec8fb88-dirty[0m
[0;32mI (334) app_init: Compile time:     Sep  6 2024 10:35:10[0m
[0;32mI (340) app_init: ELF file SHA256:  e78f56a2c...[0m
[0;32mI (346) app_init: ESP-IDF:          v5.3.1-dirty[0m
[0;32mI (351) efuse_init: Min chip rev:     v0.0[0m
[0;32mI (356) efuse_init: Max chip rev:     v0.99 [0m
[0;32mI (361) efuse_init: Chip rev:         v0.0[0m
[0;32mI (365) heap_init: Initializing. RAM available for dynamic allocation:[0m
[0;32mI (373) heap_init: At 40819CD0 len 00062940 (394 KiB): RAM[0m
[0;32mI (379) heap_init: At 4087C610 len 00002F54 (11 KiB): RAM[0m
[0;32mI (385) heap_init: At 50000000 len 00003FE8 (15 KiB): RTCRAM[0m
[0;32mI (392) spi_flash: detected chip: generic[0m
[0;32mI (396) spi_flash: flash io: dio[0m
[0;33mW (400) spi_flash: Detected size(8192k) larger than the size in the binary image header(2048k). Using the size in the binary image header.[0m
[0;32mI (413) sleep: Configure to isolate all GPIO pins in sleep state[0m
[0;32mI (420) slee: libbtbb version: 04952fd, Jun  4 2024, 16:38:26[0m
[0;32mI (482) ZBOSS: common/zb_init_default.c:181   ED build[0m
[0;32mI (482) ZBOSS: common/zb_init_default.c:187   sizes: g_zb 25780 sched 1676 bpool 13140 nwk 2016 aps 5408 addr 660 zdo 868[0m
[0;32mI (492) ZBOSS: common/zb_init_default.c:196   sec 2[0m
[0;32mI (502) ZBOSS: common/zb_init_default.c:198   zcl 600[0m
[0;32mI (502) ZBOSS: common/zb_init_default.c:201   zll 960[0m
[0;32mI (512) ZBOSS: common/zb_init_default.c:207   nvram 140[0m
[0;32mI (522) ZBOSS: common/zb_init_default.c:210   buttons 140[0m
[0;32mI (522) ZBOSS: common/zb_init_default.c:212   err_ind 4[0m
[0;32mI (532) ZBOSS: common/zb_init_default.c:218   scheduler q size 80[0m
[0;32mI (542) ZBOSS: common/zb_init_default.c:221   g_mac 652 g_imac 28[0m
[0;32mI (542) ZBOSS: common/zb_init_default.c:231   ZB_IOBUF_POOL_SIZE 80 ZB_NWK_IN_Q_SIZE 40 ZB_MAC_PENDING_QUEUE_SIZE 20 ZB_APS_DST_BINDING_TABLE_SIZE 64 ZB_APS_BIND_TRANS_TABLE_SIZE 20 ZB_N_APS_RETRANS_ENTRIES 26[0m
[0;32mI (562) ZBOSS: common/zb_init_default.c:261   ZB_N_APS_KEY_PAIR_ARR_MAX_SIZE 5 ZB_IEEE_ADDR_TABLE_SIZE 32 ZB_NEIGHBOR_TABLE_SIZE 32 ZB_NWK_ROUTING_TABLE_SIZE 0 ZB_APS_DUPS_TABLE_SIZE 32[0m
[0;32mI (582) ZBOSS: zdo/af_descriptor.c:357   ep_count 1[0m
[0;32mI (592) ZBOSS: common/zb_nvram.c:3189   ds_ver == 2[0m
[0;32mI (592) ZBOSS: zdo/zdo_app_prod_conf.c:144   no production config block found[0m
[0;32mI (602) ZBOSS: zdo/zdo_app_prod_conf.c:781   no valid production configuration found, signaling to application[0m
[0;32mI (612) ESP32_LOCK_UART: Signal type: a[0m
[0;32mI (612) ESP32_LOCK_UART: Signal type: a[0m
[0;32mI (622) ESP32_LOCK_UART: Joined network successfully (Extended PAN ID: 74:4d:bd:ff:fe:63:f4:d7, PAN ID: 0x7cf5, Channel:13, Short Address: 0x890c)[0m
[0;32mI (632) main_task: Returned from app_main()[0m
