[0;32mI (245) cpu_start: Pro cpu start user code[0m
[0;32mI (245) cpu_start: cpu frï¿½ESP-ROM:esp32c6-20220919
Build:Sep 19 2022
rst:0x1 (POWERON),boot:0x6c (SPI_FAST_FLASH_BOOT)
SPIWP:0xee
mode:DIO, clock div:2
load:0x40875720,len:0x1804
load:0x4086c110,len:0xe2c
load:0x4086e610,len:0x2e5c
entry 0x4086c11a
[0;32mI (23) boot: ESP-IDF v5.3.1-dirty 2nd stage bootloader[0m
[0;32mI (24) boot: compile time Oct  4 2024 16:20:55[0m
[0;32mI (24) boot: chip revision: v0.0[0m
[0;32mI (27) boot.esp32c6: SPI Speed      : 80MHz[0m
[0;32mI (32) boot.esp32c6: SPI Mode       : DIO[0m
[0;32mI (36) boot.esp32c6: SPI Flash Size : 2MB[0m
[0;32mI (41) boot: Enabling RNG early entropy source...[0m
[0;32mI (47) boot: Partition Table:[0m
[0;32mI (50) boot: ## Label            Usage          Type ST Offset   Length[0m
[0;32mI (57) boot:  0 nvs              WiFi data        01 02 00009000 00006000[0m
[0;32mI (65) boot:  1 phy_init         RF data          01 01 0000f000 00001000[0m
[0;32mI (72) boot:  2 factory          factory app      00 00 00010000 000e1000[0m
[0;32mI (80) boot:  3 zb_storage       Unknown data     01 81 000f1000 00004000[0m
[0;32mI (87) boot:  4 zb_fct           Unknown data     01 81 000f5000 00000400[0m
[0;32mI (95) boot: End of partition table[0m
[0;32mI (99) esp_image: segment 0: paddr=00010020 vaddr=42060020 size=0f138h ( 61752) map[0m
[0;32mI (120) esp_image: segment 1: paddr=0001f160 vaddr=40800000 size=00eb8h (  3768) load[0m
[0;32mI (122) esp_image: segment 2: paddr=00020020 vaddr=42000020 size=59280h (365184) map[0m
[0;32mI (201) esp_image: segment 3: paddr=000792a8 vaddr=40800eb8 size=0de4ch ( 56908) load[0m
[0;32mI (215) esp_image: segment 4: paddr=000870fc vaddr=4080ed10 size=0214ch (  8524) load[0m
[0;32mI (222) boot: Loaded app from partition at offset 0x10000[0m
[0;32mI (222) boot: Disabling RNG early entropy source...[0m
[0;32mI (236) cpu_start: Unicore app[0m
[0;32mI (245) cpu_start: Pro cpu start user code[0m
[0;32mI (245) cpu_start: cpu freq: 160000000 Hz[0m
[0;32mI (245) app_init: Application information:[0m
[0;32mI (248) app_init: Project name:     main[0m
[0;32mI (252) app_init: App version:      323bd64-dirty[0m
[0;32mI (258) app_init: Compile time:     Oct  4 2024 16:20:45[0m
[0;32mI (264) app_init: ELF file SHA256:  ae11e8f5b60a76f1...[0m
[0;32mI (270) app_init: ESP-IDF:          v5.3.1-dirty[0m
[0;32mI (275) efuse_init: Min chip rev:     v0.0[0m
[0;32mI (280) efuse_init: Max chip rev:     v0.99 [0m
[0;32mI (285) efuse_init: Chip rev:         v0.0[0m
[0;32mI (289) heap_init: Initializing. RAM available for dynamic allocation:[0m
[0;32mI (297) heap_init: At 408155F0 len 00067020 (412 KiB): RAM[0m
[0;32mI (303) heap_init: At 4087C610 len 00002F54 (11 KiB): RAM[0m
[0;32mI (309) heap_init: At 50000000 len 00003FE8 (15 KiB): RTCRAM[0m
[0;32mI (316) spi_flash: detected chip: generic[0m
[0;32mI (320) spi_flash: flash io: dio[0m
[0;33mW (324) spi_flash: Detected size(8192k) larger than the size in the binary image header(2048k). Using the size in the binary image header.[0m
[0;32mI (337) sleep: Configure to isolate all GPIO pins in sleep state[0m
[0;32mI (344) sleep: Enable automatic switching of GPIO sleep configuration[0m
[0;32mI (351) coexist: coex firmware version: 4482466[0m
[0;32mI (365) coexist: coexist rom version 5b8dcfa[0m
[0;32mI (366) main_task: Started on CPU0[0m
[0;32mI (366) main_task: Calling app_main()[0m
[0;32mI (366) ESP32_LOCK_UART: 
UART init 0[0m
[0;32mI (366) ESP32_LOCK_UART: Data: 50
[0m
[0;32mI (376) ESP32_LOCK_UART: Data: 16
[0m
[0;32mI (426) ESP32_LOCK_UART: Data: 7
[0m
[0;32mI (426) phy_init: phy_version 310,dde1ba9,Jun  4 2024,16:38:11[0m
[0;32mI (466) phy: libbtbb version: 04952fd, Jun  4 2024, 16:38:26[0m
[0;32mI (466) main_task: Returned from app_main()[0m
[0;32mI (476) ESP32_LOCK_UART: Signal type: 17[0m
[0;32mI (476) ESP32_LOCK_UART: ZDO signal: ZDO Config Ready (0x17), status: ESP_FAIL[0m
[0;32mI (476) ESP32_LOCK_UART: Signal type: 1[0m
[0;32mI (486) ESP32_LOCK_UART: Device skip startup: 0[0m
[0;32mI (486) ESP32_LOCK_UART: Zigbee stack is initialized[0m
[0;32mI (496) ESP32_LOCK_UART: Signal type: 5[0m
[0;32mI (496) ESP32_LOCK_UART: Device reboot: 0[0m
[0;32mI (2756) ESP32_LOCK_UART: Signal type: a[0m
[0;33mW (2756) ESP32_LOCK_UART: Stack BDB Steering failure with ESP_FAIL status, steering[0m
[0;32mI (2756) ESP32_LOCK_UART: ZIGBEE ERROR ffffffff[0m
[0;32mI (6016) ESP32_LOCK_UART: Signal type: a[0m
[0;33mW (6016) ESP32_LOCK_UART: Stack BDB Steering failure with ESP_FAIL status, steering[0m
[0;32mI (6016) ESP32_LOCK_UART: ZIGBEE ERROR ffffffff[0m
[0;32mI (9276) ESP32_LOCK_UART: Signal type: a[0m
[0;33mW (9276) ESP32_LOCK_UART: Stack BDB Steering failure with ESP_FAIL status, steering[0m
[0;32mI (9276) ESP32_LOCK_UART: ZIGBEE ERROR ffffffff[0m
[0;32mI (12536) ESP32_LOCK_UART: Signal type: a[0m
[0;33mW (12536) ESP32_LOCK_UART: Stack BDB Steering failure with ESP_FAIL status, steering[0m
[0;32mI (12536) ESP32_LOCK_UART: ZIGBEE ERROR ffffffff[0m
[0;32mI (15796) ESP32_LOCK_UART: Signal type: a[0m
[0;33mW (15796) ESP32_LOCK_UART: Stack BDB Steering failure with ESP_FAIL status, steering[0m
[0;32mI (15796) ESP32_LOCK_UART: ZIGBEE ERROR ffffffff[0m
[0;32mI (19056) ESP32_LOCK_UART: Signal type: a[0m
[0;33mW (19056) ESP32_LOCK_UART: Stack BDB Steering failure with ESP_FAIL status, steering[0m
[0;32mI (19056) ESP32_LOCK_UART: ZIGBEE ERROR ffffffff[0m
[0;32mI (22316) ESP32_LOCK_UART: Signal type: a[0m
[0;33mW (22316) ESP32_LOCK_UART: Stack BDB Steering failure with ESP_FAIL status, steering[0m
[0;32mI (22316) ESP32_LOCK_UART: ZIGBEE ERROR ffffffff[0m
[0;32mI (25576) ESP32_LOCK_UART: Signal type: a[0m
[0;33mW (25576) ESP32_LOCK_UART: Stack BDB Steering failure with ESP_FAIL status, steering[0m
[0;32mI (25576) ESP32_LOCK_UART: ZIGBEE ERROR ffffffff[0m
[0;32mI (28836) ESP32_LOCK_UART: Signal type: a[0m
[0;33mW (28836) ESP32_LOCK_UART: Stack BDB Steering failure with ESP_FAIL status, steering[0m
[0;32mI (28836) ESP32_LOCK_UART: ZIGBEE ERROR ffffffff[0m
[0;32mI (32096) ESP32_LOCK_UART: Signal type: a[0m
[0;33mW (32096) ESP32_LOCK_UART: Stack BDB Steering failure with ESP_FAIL status, steering[0m
[0;32mI (32096) ESP32_LOCK_UART: ZIGBEE ERROR ffffffff[0m
[0;32mI (35356) ESP32_LOCK_UART: Signal type: a[0m
[0;33mW (35356) ESP32_LOCK_UART: Stack BDB Steering failure with ESP_FAIL status, steering[0m
[0;32mI (35356) ESP32_LOCK_UART: ZIGBEE ERROR ffffffff[0m
[0;32mI (38616) ESP32_LOCK_UART: Signal type: a[0m
[0;33mW (38616) ESP32_LOCK_UART: Stack BDB Steering failure with ESP_FAIL status, steering[0m
[0;32mI (38616) ESP32_LOCK_UART: ZIGBEE ERROR ffffffff[0m
[0;32mI (41876) ESP32_LOCK_UART: Signal type: a[0m
[0;33mW (41876) ESP32_LOCK_UART: Stack BDB Steering failure with ESP_FAIL status, steering[0m
[0;32mI (41876) ESP32_LOCK_UART: ZIGBEE ERROR ffffffff[0m
[0;32mI (45136) ESP32_LOCK_UART: Signal type: a[0m
[0;33mW (45136) ESP32_LOCK_UART: Stack BDB Steering failure with ESP_FAIL status, steering[0m
[0;32mI (45136) ESP32_LOCK_UART: ZIGBEE ERROR ffffffff[0m
[0;32mI (48396) ESP32_LOCK_UART: Signal type: a[0m
[0;33mW (48396) ESP32_LOCK_UART: Stack BDB Steering failure with ESP_FAIL status, steering[0m
[0;32mI (48396) ESP32_LOCK_UART: ZIGBEE ERROR ffffffff[0m
[0;32mI (51656) ESP32_LOCK_UART: Signal type: a[0m
[0;33mW (51656) ESP32_LOCK_UART: Stack BDB Steering failure with ESP_FAIL status, steering[0m
[0;32mI (51656) ESP32_LOCK_UART: ZIGBEE ERROR ffffffff[0m
[0;32mI (54916) ESP32_LOCK_UART: Signal type: a[0m
[0;33mW (54916) ESP32_LOCK_UART: Stack BDB Steering failure with ESP_FAIL status, steering[0m
[0;32mI (54916) ESP32_LOCK_UART: ZIGBEE ERROR ffffffff[0m
[0;32mI (58176) ESP32_LOCK_UART: Signal type: a[0m
[0;33mW (58176) ESP32_LOCK_UART: Stack BDB Steering failure with ESP_FAIL status, steering[0m
[0;32mI (58176) ESP32_LOCK_UART: ZIGBEE ERROR ffffffff[0m
[0;32mI (61436) ESP32_LOCK_UART: Signal type: a[0m
[0;33mW (61436) ESP32_LOCK_UART: Stack BDB Steering failure with ESP_FAIL status, steering[0m
[0;32mI (61436) ESP32_LOCK_UART: ZIGBEE ERROR ffffffff[0m
[0;32mI (64696) ESP32_LOCK_UART: Signal type: a[0m
[0;33mW (64696) ESP32_LOCK_UART: Stack BDB Steering failure with ESP_FAIL status, steering[0m
[0;32mI (64696) ESP32_LOCK_UART: ZIGBEE ERROR ffffffff[0m
[0;32mI (67956) ESP32_LOCK_UART: Signal type: a[0m
[0;33mW (67956) ESP32_LOCK_UART: Stack BDB Steering failure with ESP_FAIL status, steering[0m
[0;32mI (67956) ESP32_LOCK_UART: ZIGBEE ERROR ffffffff[0m
[0;32mI (71216) ESP32_LOCK_UART: Signal type: a[0m
[0;33mW (71216) ESP32_LOCK_UART: Stack BDB Steering failure with ESP_FAIL status, steering[0m
[0;32mI (71216) ESP32_LOCK_UART: ZIGBEE ERROR ffffffff[0m
[0;32mI (74476) ESP32_LOCK_UART: Signal type: a[0m
[0;33mW (74476) ESP32_LOCK_UART: Stack BDB Steering failure with ESP_FAIL status, steering[0m
[0;32mI (74476) ESP32_LOCK_UART: ZIGBEE ERROR ffffffff[0m
[0;32mI (77736) ESP32_LOCK_UART: Signal type: a[0m
[0;33mW (77736) ESP32_LOCK_UART: Stack BDB Steering failure with ESP_FAIL status, steering[0m
[0;32mI (77736) ESP32_LOCK_UART: ZIGBEE ERROR ffffffff[0m
[0;32mI (80996) ESP32_LOCK_UART: Signal type: a[0m
[0;33mW (80996) ESP32_LOCK_UART: Stack BDB Steering failure with ESP_FAIL status, steering[0m
[0;32mI (80996) ESP32_LOCK_UART: ZIGBEE ERROR ffffffff[0m
[0;32mI (84256) ESP32_LOCK_UART: Signal type: a[0m
[0;33mW (84256) ESP32_LOCK_UART: Stack BDB Steering failure with ESP_FAIL status, steering[0m
[0;32mI (84256) ESP32_LOCK_UART: ZIGBEE ERROR ffffffff[0m
[0;32mI (87516) ESP32_LOCK_UART: Signal type: a[0m
[0;33mW (87516) ESP32_LOCK_UART: Stack BDB Steering failure with ESP_FAIL status, steering[0m
[0;32mI (87516) ESP32_LOCK_UART: ZIGBEE ERROR ffffffff[0m
[0;32mI (90776) ESP32_LOCK_UART: Signal type: a[0m
[0;33mW (90776) ESP32_LOCK_UART: Stack BDB Steering failure with ESP_FAIL status, steering[0m
[0;32mI (90776) ESP32_LOCK_UART: ZIGBEE ERROR ffffffff[0m
[0;32mI (94036) ESP32_LOCK_UART: Signal type: a[0m
[0;33mW (94036) ESP32_LOCK_UART: Stack BDB Steering failure with ESP_FAIL status, steering[0m
[0;32mI (94036) ESP32_LOCK_UART: ZIGBEE ERROR ffffffff[0m
[0;32mI (97996) ESP32_LOCK_UART: Signal type: a[0m
[0;32mI (97996) ESP32_LOCK_UART: Joined network successfully (Extended PAN ID: dd:dd:dd:dd:dd:dd:dd:dd, PAN ID: 0x1a62, Channel:17, Short Address: 0x4ed2)[0m
